#-----------------------------------------------------------
# PlanAhead v13.1
# Build 117799 by hdbuild on Thu Feb 17 11:38:00 PST 2011
# Start of session at: Sat Mar 23 03:54:26 2019
# Process ID: 204240
# Log file: C:/Users/AADHITHAN/Documents/xilinx/ENDSEM/planAhead_run_1/planAhead.log
# Journal file: C:/Users/AADHITHAN/Documents/xilinx/ENDSEM/planAhead_run_1/planAhead.jou
#-----------------------------------------------------------
start_gui -source C:/Users/AADHITHAN/Documents/xilinx/ENDSEM/pa.fromNetlist.tcl
set_property prohibit 1 [get_sites P121]
set_property prohibit 0 [get_sites P121]
startgroup
set_property loc PAD35 [get_ports i3]
endgroup
startgroup
set_property loc PAD28 [get_ports i2]
endgroup
startgroup
set_property loc PAD27 [get_ports i1]
endgroup
startgroup
set_property loc PAD26 [get_ports i0]
endgroup
startgroup
set_property loc PAD25 [get_ports s1]
endgroup
startgroup
set_property loc PAD24 [get_ports i]
endgroup
set_property loc "" [get_ports i]
startgroup
set_property loc PAD24 [get_ports s0]
endgroup
startgroup
set_property loc PAD23 [get_ports i]
endgroup
startgroup
set_property loc PAD22 [get_ports s3]
endgroup
startgroup
set_property loc PAD21 [get_ports s2]
endgroup
startgroup
set_property loc PAD44 [get_ports y]
endgroup
startgroup
set_property loc PAD43 [get_ports y3]
endgroup
startgroup
set_property loc PAD42 [get_ports y2]
endgroup
startgroup
set_property loc PAD41 [get_ports y1]
endgroup
startgroup
set_property loc PAD40 [get_ports y0]
endgroup
save_design
