A51 MACRO ASSEMBLER  DELAY                                                                10/06/2020 09:19:58 PAGE     1


MACRO ASSEMBLER A51 V8.2.7.0
OBJECT MODULE PLACED IN .\Objects\delay.obj
ASSEMBLER INVOKED BY: C:\Keil_v5\C51\BIN\A51.EXE delay.asm SET(SMALL) DEBUG PRINT(.\Listings\delay.lst) OBJECT(.\Objects
                      \delay.obj) EP

LOC  OBJ            LINE     SOURCE

                       1             ;delay and toggle P1
0000 759055            2             L3:             MOV P1,#55H ; SET ODD BITS OD P1
0003 12000E            3                             LCALL DELAY ; CALLS DELAY
0006 7590AA            4                             MOV P1,#0AAH ; SETS EVEN BITS OF P1
0009 12000E            5                             LCALL DELAY
000C 80F2              6                             SJMP L3 ;REPEATS THE PROGRAM
                       7             
000E 7A02              8             DELAY:  MOV R2,#02H             ;CREATES A SEC DELAY 
0010 79FF              9             L2:         MOV R1,#0FFH
0012 7BFF             10             L1:         MOV R3,#0FFH
0014 7CFF             11             L4:     MOV R4,#0FFH
0016 DCFE             12             L5:     DJNZ R4,L5
0018 DBFA             13                         DJNZ R3,L4
001A D9F6             14                         DJNZ R1,L1
001C DAF2             15                         DJNZ R2,L2
001E 22               16                         RET
                      17                        
                      18                             END
                                                        
A51 MACRO ASSEMBLER  DELAY                                                                10/06/2020 09:19:58 PAGE     2

SYMBOL TABLE LISTING
------ ----- -------


N A M E             T Y P E  V A L U E   ATTRIBUTES

DELAY. . . . . . .  C ADDR   000EH   A   
L1 . . . . . . . .  C ADDR   0012H   A   
L2 . . . . . . . .  C ADDR   0010H   A   
L3 . . . . . . . .  C ADDR   0000H   A   
L4 . . . . . . . .  C ADDR   0014H   A   
L5 . . . . . . . .  C ADDR   0016H   A   
P1 . . . . . . . .  D ADDR   0090H   A   


REGISTER BANK(S) USED: 0 


ASSEMBLY COMPLETE.  0 WARNING(S), 0 ERROR(S)
