A51 MACRO ASSEMBLER  BCD                                                                  10/13/2020 08:36:01 PAGE     1


MACRO ASSEMBLER A51 V8.2.7.0
OBJECT MODULE PLACED IN .\Objects\bcd.obj
ASSEMBLER INVOKED BY: C:\Keil_v5\C51\BIN\A51.EXE bcd.asm SET(SMALL) DEBUG PRINT(.\Listings\bcd.lst) OBJECT(.\Objects\bcd
                      .obj) EP

LOC  OBJ            LINE     SOURCE

                       1     ; HEX TO BCD convertion
0000 7820              2                     MOV  R0, #20H ; value to be coverted
0002 E8                3                     MOV  A , R0        ; store the value in A
0003 75F064            4                     MOV  B , #64H  ; to be divided for MSB
0006 84                5                     DIV  AB            ; divide for 100th place
0007 F9                6                     MOV  R1, A     ; store MSB in R1
0008 E5F0              7                     MOV  A , B     ; load A with remainder
000A 75F00A            8                     MOV  B , #0AH  ; 10 is the divider
000D 84                9                     DIV  AB        ; divide for tenth place
000E C4               10                     SWAP A         ; make it the upper nibble
000F 25F0             11                     ADD  A , B         ; add remainder to oneth place
0011 FA               12                     MOV  R2, A     ; store in R2
0012 8990             13                     MOV  P1, R1    ;
0014 8AA0             14                     MOV  P2, R2
                      15                     END                        ; result in R1 and R2
                                                     
A51 MACRO ASSEMBLER  BCD                                                                  10/13/2020 08:36:01 PAGE     2

SYMBOL TABLE LISTING
------ ----- -------


N A M E             T Y P E  V A L U E   ATTRIBUTES

B. . . . . . . . .  D ADDR   00F0H   A   
P1 . . . . . . . .  D ADDR   0090H   A   
P2 . . . . . . . .  D ADDR   00A0H   A   


REGISTER BANK(S) USED: 0 


ASSEMBLY COMPLETE.  0 WARNING(S), 0 ERROR(S)
