#-----------------------------------------------------------
# PlanAhead v13.1
# Build 117799 by hdbuild on Thu Feb 17 11:38:00 PST 2011
# Start of session at: Sat Feb 23 03:44:54 2019
# Process ID: 92088
# Log file: C:/Users/AADHITHAN/Documents/xilinx/encoder/planAhead_run_2/planAhead.log
# Journal file: C:/Users/AADHITHAN/Documents/xilinx/encoder/planAhead_run_2/planAhead.jou
#-----------------------------------------------------------
start_gui -source C:/Users/AADHITHAN/Documents/xilinx/encoder/pa.fromHdl.tcl
set_property prohibit 1 [get_sites P121]
set_property prohibit 1 [get_sites P123]
set_property prohibit 0 [get_sites P121]
set_property prohibit 0 [get_sites P123]
startgroup
set_property loc PAD28 [get_ports i2]
endgroup
startgroup
set_property loc PAD35 [get_ports i1]
endgroup
startgroup
set_property loc PAD27 [get_ports i3]
endgroup
startgroup
set_property loc PAD26 [get_ports i4]
endgroup
startgroup
set_property loc PAD44 [get_ports o1]
endgroup
save_design
startgroup
set_property loc PAD43 [get_ports o2]
endgroup
save_design
exit
