#-----------------------------------------------------------
# PlanAhead v13.1
# Build 117799 by hdbuild on Thu Feb 17 11:38:00 PST 2011
# Start of session at: Sat Mar 09 09:15:08 2019
# Process ID: 212332
# Log file: C:/Users/AADHITHAN/Documents/xilinx/multiplexar/planAhead_run_1/planAhead.log
# Journal file: C:/Users/AADHITHAN/Documents/xilinx/multiplexar/planAhead_run_1/planAhead.jou
#-----------------------------------------------------------
start_gui -source C:/Users/AADHITHAN/Documents/xilinx/multiplexar/pa.fromNetlist.tcl
set_property prohibit 1 [get_sites P121]
set_property prohibit 0 [get_sites P121]
startgroup
set_property loc PAD35 [get_ports i3]
endgroup
startgroup
set_property loc PAD28 [get_ports i2]
endgroup
startgroup
set_property loc PAD27 [get_ports i1]
endgroup
startgroup
set_property loc PAD26 [get_ports i0]
endgroup
startgroup
set_property loc PAD25 [get_ports s1]
endgroup
startgroup
set_property loc PAD24 [get_ports s0]
endgroup
startgroup
set_property loc PAD44 [get_ports y]
endgroup
save_design
exit
