A51 MACRO ASSEMBLER  BCDADD                                                               10/15/2020 16:14:36 PAGE     1


MACRO ASSEMBLER A51 V8.2.7.0
OBJECT MODULE PLACED IN .\Objects\bcdadd.obj
ASSEMBLER INVOKED BY: C:\Keil_v5\C51\BIN\A51.EXE bcdadd.asm SET(SMALL) DEBUG PRINT(.\Listings\bcdadd.lst) OBJECT(.\Objec
                      ts\bcdadd.obj) EP

LOC  OBJ            LINE     SOURCE

0000                   1                     ORG 0000H
0000 7410              2                     MOV A,#10H ; 1ST BCD NO
0002 2420              3                     ADD A,#20H ; 2ND BCD NO
0004 D4                4                     DA A       ; CONVERT TO BCD
0005 F8                5                     MOV R0,A   ; STORE IN R0
                       6                     END
A51 MACRO ASSEMBLER  BCDADD                                                               10/15/2020 16:14:36 PAGE     2

SYMBOL TABLE LISTING
------ ----- -------


N A M E             T Y P E  V A L U E   ATTRIBUTES



REGISTER BANK(S) USED: 0 


ASSEMBLY COMPLETE.  0 WARNING(S), 0 ERROR(S)
