A51 MACRO ASSEMBLER  ASENDESEN                                                            11/27/2020 09:07:24 PAGE     1


MACRO ASSEMBLER A51 V8.2.7.0
OBJECT MODULE PLACED IN .\Objects\asendesen.obj
ASSEMBLER INVOKED BY: C:\Keil_v5\C51\BIN\A51.EXE asendesen.asm SET(SMALL) DEBUG PRINT(.\Listings\asendesen.lst) OBJECT(.
                      \Objects\asendesen.obj) EP

LOC  OBJ            LINE     SOURCE

0000                   1                             ORG 0000H
0000 111F              2                             ACALL READ              ;copy data loop
0002 790A              3                             MOV R1,#0AH             ;number of bytes to process
0004 E9                4             AGAIN:  MOV A,R1
0005 FA                5                             MOV R2,A                ;number of bytes
0006 7830              6                             MOV R0,#30H             ;starting address of data
0008 E6                7             BACK:   MOV A,@R0               ;1st valur to acc
0009 08                8                             INC R0                  ;next byte
000A 86F0              9                             MOV B,@R0               ;2nd value to B
000C C3               10                             CLR C                   ;carry from previous process
000D 95F0             11                             SUBB A,B                ;compare 2 nos
000F 4008             12                             JC SKIP                 ;skip swapping
0011 86F0             13                             MOV B,@R0               ;put 2nd no in B
0013 18               14                             DEC R0                  ;previous byte
0014 E6               15                             MOV A,@R0               ;put 1st no in A
0015 A6F0             16                             MOV @R0,B               ;swap 2nd no
0017 08               17                             INC R0                  ;next byte
0018 F6               18                             MOV @R0,A               ;swap 1st no
0019 DAED             19             SKIP:   DJNZ R2,BACK    ;repeat for next position
001B D9E7             20                             DJNZ R1,AGAIN   ;repeat for next number
001D 800D             21                             SJMP LAST               ;end statement                  
001F 7830             22             READ:   MOV R0,#30H             ;1st byte of source
0021 7920             23                             MOV R1,#20H             ;1st byte of destination
0023 7E0A             24                             MOV R6,#0AH             ;number of bytes
0025 E6               25             COPY:   MOV A,@R0               ;copying input ...
0026 F7               26                             MOV @R1,A               ;       for reference
0027 09               27                             INC R1                  ;next byte
0028 08               28                             INC R0                  ;next byte
0029 DEFA             29                             DJNZ R6,COPY    ;repeat for n bytes
002B 22               30                             RET                             ;return to main program            
                                  
002C 00               31             LAST:   NOP                             ;close program
                      32                             END
A51 MACRO ASSEMBLER  ASENDESEN                                                            11/27/2020 09:07:24 PAGE     2

SYMBOL TABLE LISTING
------ ----- -------


N A M E             T Y P E  V A L U E   ATTRIBUTES

AGAIN. . . . . . .  C ADDR   0004H   A   
B. . . . . . . . .  D ADDR   00F0H   A   
BACK . . . . . . .  C ADDR   0008H   A   
COPY . . . . . . .  C ADDR   0025H   A   
LAST . . . . . . .  C ADDR   002CH   A   
READ . . . . . . .  C ADDR   001FH   A   
SKIP . . . . . . .  C ADDR   0019H   A   


REGISTER BANK(S) USED: 0 


ASSEMBLY COMPLETE.  0 WARNING(S), 0 ERROR(S)
