--------------------------------------------------------------------------------
Release 13.1 Trace  (nt)
Copyright (c) 1995-2011 Xilinx, Inc.  All rights reserved.

C:\Xilinx\ISE_DS\ISE\bin\nt\unwrapped\trce.exe -intstyle ise -v 3 -s 3 -n 3
-fastpaths -xml demux.twx demux.ncd -o demux.twr demux.pcf -ucf demux.ucf

Design file:              demux.ncd
Physical constraint file: demux.pcf
Device,package,speed:     xc6slx4,tqg144,C,-3 (PRODUCTION 1.17 2011-02-03)
Report level:             verbose report

Environment Variable      Effect 
--------------------      ------ 
NONE                      No environment variables were set
--------------------------------------------------------------------------------

INFO:Timing:2698 - No timing constraints found, doing default enumeration.
INFO:Timing:2752 - To get complete path coverage, use the unconstrained paths 
   option. All paths that are not constrained will be reported in the 
   unconstrained paths section(s) of the report.
INFO:Timing:3339 - The clock-to-out numbers in this timing report are based on 
   a 50 Ohm transmission line loading model.  For the details of this model, 
   and for more information on accounting for different loading conditions, 
   please see the device datasheet.



Data Sheet report:
-----------------
All values displayed in nanoseconds (ns)

Pad to Pad
---------------+---------------+---------+
Source Pad     |Destination Pad|  Delay  |
---------------+---------------+---------+
i              |y0             |    7.656|
i              |y1             |    6.551|
i              |y2             |    6.672|
i              |y3             |    6.491|
s0             |y0             |    8.250|
s0             |y1             |    7.026|
s0             |y2             |    7.266|
s0             |y3             |    6.966|
s1             |y0             |    7.778|
s1             |y1             |    6.693|
s1             |y2             |    6.794|
s1             |y3             |    6.633|
---------------+---------------+---------+


Analysis completed Sat Mar 09 09:32:59 2019 
--------------------------------------------------------------------------------

Trace Settings:
-------------------------
Trace Settings 

Peak Memory Usage: 150 MB



